// Jest Snapshot v1, https://goo.gl/fbAQLP

exports[`Test snapshot CloseIconButton components should be render correctly 1`] = `
<button
  className="MuiButtonBase-root MuiIconButton-root MuiIconButton-sizeSmall css-14t6pro-MuiButtonBase-root-MuiIconButton-root"
  data-testid="close-icon-button"
  disabled={false}
  onBlur={[Function]}
  onClick={[MockFunction]}
  onContextMenu={[Function]}
  onDragLeave={[Function]}
  onFocus={[Function]}
  onKeyDown={[Function]}
  onKeyUp={[Function]}
  onMouseDown={[Function]}
  onMouseLeave={[Function]}
  onMouseUp={[Function]}
  onTouchEnd={[Function]}
  onTouchMove={[Function]}
  onTouchStart={[Function]}
  tabIndex={0}
  type="button"
>
  <svg
    aria-hidden={true}
    className="MuiSvgIcon-root MuiSvgIcon-fontSizeSmall css-13obobm-MuiSvgIcon-root"
    data-testid="CloseIcon"
    focusable="false"
    viewBox="0 0 24 24"
  >
    <path
      d="M19 6.41 17.59 5 12 10.59 6.41 5 5 6.41 10.59 12 5 17.59 6.41 19 12 13.41 17.59 19 19 17.59 13.41 12z"
    />
  </svg>
</button>
`;
