// Jest Snapshot v1, https://goo.gl/fbAQLP

exports[`Test snapshot BackNavigation components should be render correctly 1`] = `
<div
  className="MuiBox-root css-tfe0o3"
>
  <button
    className="MuiButtonBase-root MuiIconButton-root MuiIconButton-sizeSmall css-1pe4mpk-MuiButtonBase-root-MuiIconButton-root"
    disabled={false}
    onBlur={[Function]}
    onClick={[Function]}
    onContextMenu={[Function]}
    onDragLeave={[Function]}
    onFocus={[Function]}
    onKeyDown={[Function]}
    onKeyUp={[Function]}
    onMouseDown={[Function]}
    onMouseLeave={[Function]}
    onMouseUp={[Function]}
    onTouchEnd={[Function]}
    onTouchMove={[Function]}
    onTouchStart={[Function]}
    tabIndex={0}
    type="button"
  >
    <svg
      aria-hidden={true}
      className="MuiSvgIcon-root MuiSvgIcon-fontSizeMedium css-xtuuzo-MuiSvgIcon-root"
      data-testid="ArrowBackIcon"
      focusable="false"
      viewBox="0 0 24 24"
    >
      <path
        d="M20 11H7.83l5.59-5.59L12 4l-8 8 8 8 1.41-1.41L7.83 13H20v-2z"
      />
    </svg>
  </button>
  <h2
    className="MuiTypography-root MuiTypography-h2 MuiTypography-alignCenter css-1rn45oi-MuiTypography-root"
  >
    Home
  </h2>
  <div
    className="MuiBox-root css-8h2w1h"
  />
</div>
`;
