// Jest Snapshot v1, https://goo.gl/fbAQLP

exports[`Test snapshot LinkComponent components should be render correctly 1`] = `
<a
  className="MuiTypography-root MuiTypography-inherit MuiLink-root MuiLink-underlineHover css-kpicih-MuiTypography-root-MuiLink-root"
  onBlur={[Function]}
  onFocus={[Function]}
>
  Link
</a>
`;
