// Jest Snapshot v1, https://goo.gl/fbAQLP

exports[`NftTokenTile should render correctly 1`] = `
<body>
  <div>
    <button
      class="MuiButtonBase-root MuiCardActionArea-root MuiBox-root css-evq3ry-MuiButtonBase-root-MuiCardActionArea-root"
      tabindex="0"
      type="button"
    >
      <div
        class="MuiBox-root css-hjbv5f"
      >
        <img
          alt="Nft Name image"
          class="MuiBox-root css-djl8wu"
          src="404.png"
        />
      </div>
      <div
        class="MuiBox-root css-120alf"
        data-testid="asset-descriptor"
      >
        <h5
          class="MuiTypography-root MuiTypography-h5 css-11hf9u5-MuiTypography-root"
        >
          Nft Name
        </h5>
      </div>
      <span
        class="MuiCardActionArea-focusHighlight css-1v2exvi-MuiCardActionArea-focusHighlight"
      />
    </button>
  </div>
</body>
`;
