// Jest Snapshot v1, https://goo.gl/fbAQLP

exports[`Test snapshot AssetIcon components should be render correctly 1`] = `
<div
  className="MuiBox-root css-ln46hi"
>
  <div
    className="MuiBox-root css-p8bdtc"
  >
    <div
      className="MuiBox-root css-pi7nbc"
    />
  </div>
</div>
`;
